# gc.log

## References
* http://stackoverflow.com/questions/19274153/gc-log-rotation-data-lose-on-application-restart

##### run.conf
```bash
### Custom settings
# Initial Java heap size
JAVA_OPTS="$JAVA_OPTS -Xms5000m"

# Maximum Java heap size
JAVA_OPTS="$JAVA_OPTS -Xmx5000m"

# Maximum Java permanent space size
JAVA_OPTS="$JAVA_OPTS -XX:MaxPermSize=512m"

# Thread-local allocation buffer
JAVA_OPTS="$JAVA_OPTS -XX:+UseTLAB"

# Use Parallel New Garbage Collection (New generation)
JAVA_OPTS="$JAVA_OPTS -XX:+UseParNewGC"

# Use Concurrent Mark Sweep Garbage Collector (Old generation)
JAVA_OPTS="$JAVA_OPTS -XX:+UseConcMarkSweepGC"

# Disable garbage collection of classes
JAVA_OPTS="$JAVA_OPTS -Xnoclassgc"

# Ratio between the two survivor spaces and eden
JAVA_OPTS="$JAVA_OPTS -XX:SurvivorRatio=8"

# Default size of new generation (in bytes)
JAVA_OPTS="$JAVA_OPTS -XX:NewSize=2048m"

# Maximum size of new generation (in bytes)
JAVA_OPTS="$JAVA_OPTS -XX:MaxNewSize=2048m"

# JBoss Resolver Warning
JAVA_OPTS="$JAVA_OPTS -Dorg.jboss.resolver.warning=true"

# Periodic full collection frequency required by RMI
JAVA_OPTS="$JAVA_OPTS -Dsun.rmi.dgc.client.gcInterval=3600000"
JAVA_OPTS="$JAVA_OPTS -Dsun.rmi.dgc.server.gcInterval=3600000"

# Workaround to allow Array Syntax
JAVA_OPTS="$JAVA_OPTS -Dsun.lang.ClassLoader.allowArraySyntax=true"

# Verbose Garbage Collection
JAVA_OPTS="$JAVA_OPTS -verbose:gc"

# Verbose Garbage Collection Log File
JAVA_OPTS="$JAVA_OPTS -Xloggc:gc.log"

# Print Garbage Collection Details
JAVA_OPTS="$JAVA_OPTS -XX:+PrintGCDetails"

# Print Garbage Collection Time Stamps
JAVA_OPTS="$JAVA_OPTS -XX:+PrintGCTimeStamps"
```
##### Friday to Monday
```
9.699: [Full GC (System) 9.699: [CMS: 0K->45093K(3022848K), 0.5122730 secs] 604048K->45093K(4910336K), [CMS Perm : 25035K->25020K(25088K)], 0.5124600 secs] [Times: user=0.43 sys=0.06, real=0.52 secs]
399.611: [GC 399.611: [ParNew: 1677824K->142198K(1887488K), 0.4720480 secs] 1722917K->187292K(4910336K), 0.4721650 secs] [Times: user=0.70 sys=0.09, real=0.47 secs]
418.734: [GC 418.734: [ParNew: 1820022K->176414K(1887488K), 1.4365710 secs] 1865116K->344190K(4910336K), 1.4366900 secs][bachmeb@99700hlzx6g1 ~]$ cat /opt/jboss/gc.log
9.699: [Full GC (System) 9.699: [CMS: 0K->45093K(3022848K), 0.5122730 secs] 604048K->45093K(4910336K), [CMS Perm : 25035K->25020K(25088K)], 0.5124600 secs] [Times: user=0.43 sys=0.06, real=0.52 secs]
399.611: [GC 399.611: [ParNew: 1677824K->142198K(1887488K), 0.4720480 secs] 1722917K->187292K(4910336K), 0.4721650 secs] [Times: user=0.70 sys=0.09, real=0.47 secs]
418.734: [GC 418.734: [ParNew: 1820022K->176414K(1887488K), 1.4365710 secs] 1865116K->344190K(4910336K), 1.at /opt/jboss/gc.log                                 9.699: [Full GC (System) 9.699: [CMS: 0K->45093K(3022848K), 0.5122730 secs] 604048K->45093K(4910336K), [CMS Perm : 25035K->25020K(25088K)], 0.5124600 secs] [Times: user=0.43 sys=0.06, real=0.52 secs]
399.611: [GC 399.611: [ParNew: 1677824K->142198K(1887488K), 0.4720480 secs] 1722917K->187292K(4910336K), 0.4721650 secs] [Times: user=0.70 sys=0.09, real=0.47 secs]
418.734: [GC 418.734: [ParNew: 1820022K->176414K(1887488K), 1.4365710 secs] 1865116K->344190K(4910336K), 1.4366900 secs][bachmeb@99700hlzx6g1 ~]$ cat /opt/jboss/gc.log
9.699: [Full GC (System) 9.699: [CMS: 0K->45093K(3022848K), 0.5122730 secs] 604048K->45093K(4910336K), [CMS Perm : 25035K->25020K(25088K)], 0.5124600 secs] [Times: user=0.43 sys=0.06, real=0.52 secs]
399.611: [GC 399.611: [ParNew: 1677824K->142198K(1887488K), 0.4720480 secs] 1722917K->187292K(4910336K), 0.4721650 secs] [Times: user=0.70 sys=0.09, real=0.47 secs]
418.734: [GC 418.734: [ParNew: 1820022K->176414K(1887488K), 1.4365710 secs] 1865116K->344190K(4910336K), 1.4366900 secs] [Times: user=2.19 sys=0.18, real=1.43 secs]
3610.223: [Full GC (System) 3610.223: [CMS: 167775K->230393K(3022848K), 1.6275640 secs] 1520246K->230393K(4910336K), [CMS Perm : 76375K->76345K(76648K)], 1.6278970 secs] [Times: user=1.59 sys=0.03, real=1.63 secs]
7211.853: [Full GC (System) 7211.853: [CMS: 230393K->194757K(3022848K), 1.2971740 secs] 860734K->194757K(4910336K), [CMS Perm : 76363K->76362K(127244K)], 1.2973910 secs] [Times: user=1.30 sys=0.00, real=1.30 secs]
10813.156: [Full GC (System) 10813.156: [CMS: 194757K->150566K(3022848K), 1.1375810 secs] 810802K->150566K(4910336K), [CMS Perm : 76369K->76369K(127436K)], 1.1377690 secs] [Times: user=1.14 sys=0.00, real=1.14 secs]
14414.295: [Full GC (System) 14414.295: [CMS: 150566K->150576K(3022848K), 0.9723810 secs] 766612K->150576K(4910336K), [CMS Perm : 76375K->76375K(127436K)], 0.9725240 secs] [Times: user=0.98 sys=0.00, real=0.97 secs]
18015.269: [Full GC (System) 18015.270: [CMS: 150576K->150584K(3022848K), 0.9474470 secs] 766621K->150584K(4910336K), [CMS Perm : 76392K->76392K(127436K)], 0.9476240 secs] [Times: user=0.94 sys=0.00, real=0.95 secs]
21616.219: [Full GC (System) 21616.219: [CMS: 150584K->150575K(3022848K), 0.9525900 secs] 766629K->150575K(4910336K), [CMS Perm : 76397K->76397K(127436K)], 0.9527360 secs] [Times: user=0.95 sys=0.00, real=0.95 secs]
25217.174: [Full GC (System) 25217.174: [CMS: 150575K->150589K(3022848K), 0.9544060 secs] 766620K->150589K(4910336K), [CMS Perm : 76398K->76398K(127436K)], 0.9545550 secs] [Times: user=0.96 sys=0.00, real=0.95 secs]
28818.132: [Full GC (System) 28818.133: [CMS: 150589K->150589K(3022848K), 0.9529010 secs] 766634K->150589K(4910336K), [CMS Perm : 76399K->76399K(127436K)], 0.9530460 secs] [Times: user=0.95 sys=0.00, real=0.95 secs]
32419.087: [Full GC (System) 32419.087: [CMS: 150589K->150589K(3022848K), 0.9490960 secs] 766634K->150589K(4910336K), [CMS Perm : 76400K->76400K(127436K)], 0.9492700 secs] [Times: user=0.95 sys=0.00, real=0.95 secs]
36020.038: [Full GC (System) 36020.038: [CMS: 150589K->150580K(3022848K), 0.9510920 secs] 766634K->150580K(4910336K), [CMS Perm : 76402K->76402K(127436K)], 0.9512630 secs] [Times: user=0.95 sys=0.00, real=0.95 secs]
39620.991: [Full GC (System) 39620.991: [CMS: 150580K->150590K(3022848K), 0.9476080 secs] 766625K->150590K(4910336K), [CMS Perm : 76407K->76407K(127436K)], 0.9477510 secs] [Times: user=0.94 sys=0.00, real=0.94 secs]
43221.941: [Full GC (System) 43221.941: [CMS: 150590K->150591K(3022848K), 0.9511400 secs] 766635K->150591K(4910336K), [CMS Perm : 76412K->76412K(127436K)], 0.9513030 secs] [Times: user=0.95 sys=0.00, real=0.95 secs]
46822.895: [Full GC (System) 46822.895: [CMS: 150591K->150583K(3022848K), 1.0199680 secs] 785665K->150583K(4910336K), [CMS Perm : 76415K->76415K(127436K)], 1.0201090 secs] [Times: user=1.02 sys=0.00, real=1.02 secs]
50423.917: [Full GC (System) 50423.917: [CMS: 150583K->150591K(3022848K), 1.0213120 secs] 766628K->150591K(4910336K), [CMS Perm : 76417K->76417K(127436K)], 1.0214510 secs] [Times: user=1.02 sys=0.00, real=1.02 secs]
54024.941: [Full GC (System) 54024.941: [CMS: 150591K->150591K(3022848K), 0.9524290 secs] 766636K->150591K(4910336K), [CMS Perm : 76418K->76418K(127436K)], 0.9526000 secs] [Times: user=0.95 sys=0.00, real=0.95 secs]
57625.896: [Full GC (System) 57625.896: [CMS: 150591K->150582K(3022848K), 0.9539020 secs] 766636K->150582K(4910336K), [CMS Perm : 76421K->76421K(127436K)], 0.9540480 secs] [Times: user=0.95 sys=0.00, real=0.96 secs]
61226.852: [Full GC (System) 61226.853: [CMS: 150582K->150595K(3022848K), 0.9546870 secs] 766627K->150595K(4910336K), [CMS Perm : 76421K->76421K(127436K)], 0.9548640 secs] [Times: user=0.96 sys=0.00, real=0.96 secs]
64827.809: [Full GC (System) 64827.809: [CMS: 150595K->150596K(3022848K), 0.9516480 secs] 766641K->150596K(4910336K), [CMS Perm : 76427K->76427K(127436K)], 0.9518120 secs] [Times: user=0.96 sys=0.00, real=0.95 secs]
68428.763: [Full GC (System) 68428.763: [CMS: 150596K->150597K(3022848K), 0.9520560 secs] 766641K->150597K(4910336K), [CMS Perm : 76429K->76429K(127436K)], 0.9522310 secs] [Times: user=0.96 sys=0.00, real=0.95 secs]
72029.717: [Full GC (System) 72029.717: [CMS: 150597K->150588K(3022848K), 0.9527350 secs] 766642K->150588K(4910336K), [CMS Perm : 76430K->76430K(127436K)], 0.9528840 secs] [Times: user=0.95 sys=0.00, real=0.95 secs]
75630.673: [Full GC (System) 75630.673: [CMS: 150588K->150597K(3022848K), 0.9553120 secs] 775022K->150597K(4910336K), [CMS Perm : 76437K->76437K(127436K)], 0.9554580 secs] [Times: user=0.96 sys=0.00, real=0.96 secs]
79231.631: [Full GC (System) 79231.631: [CMS: 150597K->150597K(3022848K), 0.9498560 secs] 766642K->150597K(4910336K), [CMS Perm : 76438K->76438K(127436K)], 0.9499980 secs] [Times: user=0.95 sys=0.00, real=0.95 secs]
82832.584: [Full GC (System) 82832.584: [CMS: 150597K->150588K(3022848K), 0.9524270 secs] 766643K->150588K(4910336K), [CMS Perm : 76441K->76441K(127436K)], 0.9525680 secs] [Times: user=0.95 sys=0.00, real=0.95 secs]
86433.538: [Full GC (System) 86433.538: [CMS: 150588K->150598K(3022848K), 0.9532550 secs] 778242K->150598K(4910336K), [CMS Perm : 76442K->76442K(127436K)], 0.9533960 secs] [Times: user=0.96 sys=0.00, real=0.95 secs]
90034.494: [Full GC (System) 90034.494: [CMS: 150598K->150598K(3022848K), 0.9556910 secs] 766644K->150598K(4910336K), [CMS Perm : 76443K->76443K(127436K)], 0.9558340 secs] [Times: user=0.96 sys=0.00, real=0.95 secs]
93635.453: [Full GC (System) 93635.453: [CMS: 150598K->150588K(3022848K), 0.9521540 secs] 766643K->150588K(4910336K), [CMS Perm : 76444K->76444K(127436K)], 0.9523280 secs] [Times: user=0.96 sys=0.00, real=0.95 secs]
97236.408: [Full GC (System) 97236.408: [CMS: 150588K->150597K(3022848K), 0.9513590 secs] 766634K->150597K(4910336K), [CMS Perm : 76444K->76444K(127436K)], 0.9515030 secs] [Times: user=0.96 sys=0.00, real=0.96 secs]
100837.361: [Full GC (System) 100837.361: [CMS: 150597K->150597K(3022848K), 0.9516800 secs] 766643K->150597K(4910336K), [CMS Perm : 76447K->76447K(127436K)], 0.9518210 secs] [Times: user=0.95 sys=0.00, real=0.95 secs]
104438.315: [Full GC (System) 104438.315: [CMS: 150597K->150597K(3022848K), 0.9540660 secs] 766643K->150597K(4910336K), [CMS Perm : 76450K->76450K(127436K)], 0.9542390 secs] [Times: user=0.96 sys=0.00, real=0.95 secs]
108039.272: [Full GC (System) 108039.272: [CMS: 150597K->150588K(3022848K), 0.9555230 secs] 766643K->150588K(4910336K), [CMS Perm : 76451K->76451K(127436K)], 0.9556630 secs] [Times: user=0.95 sys=0.00, real=0.95 secs]
111640.230: [Full GC (System) 111640.231: [CMS: 150588K->150597K(3022848K), 0.9490670 secs] 766634K->150597K(4910336K), [CMS Perm : 76451K->76451K(127436K)], 0.9492090 secs] [Times: user=0.95 sys=0.00, real=0.95 secs]
115241.182: [Full GC (System) 115241.183: [CMS: 150597K->150597K(3022848K), 0.9526130 secs] 766643K->150597K(4910336K), [CMS Perm : 76453K->76453K(127436K)], 0.9527610 secs] [Times: user=0.95 sys=0.00, real=0.96 secs]
118842.137: [Full GC (System) 118842.137: [CMS: 150597K->150588K(3022848K), 0.9539630 secs] 766643K->150588K(4910336K), [CMS Perm : 76457K->76457K(127436K)], 0.9541100 secs] [Times: user=0.95 sys=0.00, real=0.95 secs]
122443.096: [Full GC (System) 122443.096: [CMS: 150588K->150597K(3022848K), 0.9558730 secs] 766634K->150597K(4910336K), [CMS Perm : 76457K->76457K(127436K)], 0.9560480 secs] [Times: user=0.95 sys=0.00, real=0.96 secs]
126044.054: [Full GC (System) 126044.054: [CMS: 150597K->150597K(3022848K), 0.9537120 secs] 766643K->150597K(4910336K), [CMS Perm : 76462K->76462K(127436K)], 0.9538840 secs] [Times: user=0.95 sys=0.00, real=0.96 secs]
129645.011: [Full GC (System) 129645.011: [CMS: 150597K->150589K(3022848K), 0.9482020 secs] 778251K->150589K(4910336K), [CMS Perm : 76462K->76462K(127628K)], 0.9483710 secs] [Times: user=0.95 sys=0.00, real=0.95 secs]
133245.961: [Full GC (System) 133245.962: [CMS: 150589K->150598K(3022848K), 0.9509070 secs] 766635K->150598K(4910336K), [CMS Perm : 76462K->76462K(127628K)], 0.9510480 secs] [Times: user=0.95 sys=0.01, real=0.96 secs]
136846.914: [Full GC (System) 136846.914: [CMS: 150598K->150597K(3022848K), 0.9550110 secs] 766643K->150597K(4910336K), [CMS Perm : 76462K->76462K(127628K)], 0.9551790 secs] [Times: user=0.95 sys=0.00, real=0.96 secs]
140447.872: [Full GC (System) 140447.872: [CMS: 150597K->150597K(3022848K), 0.9561190 secs] 766643K->150597K(4910336K), [CMS Perm : 76462K->76462K(127628K)], 0.9562650 secs] [Times: user=0.95 sys=0.00, real=0.96 secs]
144048.830: [Full GC (System) 144048.830: [CMS: 150597K->150588K(3022848K), 0.9496840 secs] 766643K->150588K(4910336K), [CMS Perm : 76462K->76462K(127628K)], 0.9498290 secs] [Times: user=0.95 sys=0.00, real=0.95 secs]
147649.782: [Full GC (System) 147649.782: [CMS: 150588K->150597K(3022848K), 0.9526800 secs] 766634K->150597K(4910336K), [CMS Perm : 76462K->76462K(127628K)], 0.9528490 secs] [Times: user=0.95 sys=0.00, real=0.95 secs]
151250.737: [Full GC (System) 151250.737: [CMS: 150597K->150598K(3022848K), 0.9536390 secs] 766643K->150598K(4910336K), [CMS Perm : 76462K->76462K(127628K)], 0.9537790 secs] [Times: user=0.95 sys=0.00, real=0.96 secs]
154851.693: [Full GC (System) 154851.693: [CMS: 150598K->150588K(3022848K), 0.9559010 secs] 766643K->150588K(4910336K), [CMS Perm : 76462K->76462K(127628K)], 0.9560740 secs] [Times: user=0.96 sys=0.00, real=0.96 secs]
158452.651: [Full GC (System) 158452.652: [CMS: 150588K->150598K(3022848K), 0.9492550 secs] 766634K->150598K(4910336K), [CMS Perm : 76462K->76462K(127628K)], 0.9494270 secs] [Times: user=0.95 sys=0.00, real=0.95 secs]
162053.603: [Full GC (System) 162053.603: [CMS: 150598K->150598K(3022848K), 0.9516120 secs] 774064K->150598K(4910336K), [CMS Perm : 76462K->76462K(127628K)], 0.9517550 secs] [Times: user=0.95 sys=0.00, real=0.95 secs]
165654.558: [Full GC (System) 165654.558: [CMS: 150598K->150589K(3022848K), 0.9536290 secs] 766643K->150589K(4910336K), [CMS Perm : 76462K->76462K(127628K)], 0.9538000 secs] [Times: user=0.95 sys=0.00, real=0.96 secs]
169255.514: [Full GC (System) 169255.514: [CMS: 150589K->150598K(3022848K), 0.9547830 secs] 766635K->150598K(4910336K), [CMS Perm : 76463K->76463K(127628K)], 0.9549240 secs] [Times: user=0.96 sys=0.00, real=0.96 secs]
172856.470: [Full GC (System) 172856.470: [CMS: 150598K->150599K(3022848K), 0.9491800 secs] 778251K->150599K(4910336K), [CMS Perm : 76465K->76465K(127628K)], 0.9493520 secs] [Times: user=0.95 sys=0.00, real=0.95 secs]
176457.422: [Full GC (System) 176457.422: [CMS: 150599K->150598K(3022848K), 0.9515780 secs] 766645K->150598K(4910336K), [CMS Perm : 76465K->76465K(127628K)], 0.9517210 secs] [Times: user=0.95 sys=0.00, real=0.95 secs]
180058.377: [Full GC (System) 180058.377: [CMS: 150598K->150589K(3022848K), 0.9538780 secs] 774064K->150589K(4910336K), [CMS Perm : 76465K->76465K(127628K)], 0.9540540 secs] [Times: user=0.95 sys=0.00, real=0.96 secs]
183659.334: [Full GC (System) 183659.334: [CMS: 150589K->150599K(3022848K), 0.9553460 secs] 766635K->150599K(4910336K), [CMS Perm : 76465K->76465K(127628K)], 0.9554890 secs] [Times: user=0.96 sys=0.00, real=0.96 secs]
187260.291: [Full GC (System) 187260.291: [CMS: 150599K->150599K(3022848K), 0.9471930 secs] 766644K->150599K(4910336K), [CMS Perm : 76465K->76465K(127628K)], 0.9473380 secs] [Times: user=0.95 sys=0.00, real=0.95 secs]
190861.241: [Full GC (System) 190861.241: [CMS: 150599K->150590K(3022848K), 0.9500020 secs] 766644K->150590K(4910336K), [CMS Perm : 76465K->76465K(127628K)], 0.9501770 secs] [Times: user=0.95 sys=0.00, real=0.95 secs]
194462.194: [Full GC (System) 194462.194: [CMS: 150590K->150599K(3022848K), 0.9552350 secs] 766635K->150599K(4910336K), [CMS Perm : 76465K->76465K(127628K)], 0.9553760 secs] [Times: user=0.96 sys=0.00, real=0.96 secs]
198063.151: [Full GC (System) 198063.151: [CMS: 150599K->150599K(3022848K), 0.9491750 secs] 766644K->150599K(4910336K), [CMS Perm : 76468K->76468K(127628K)], 0.9493440 secs] [Times: user=0.95 sys=0.00, real=0.95 secs]
201664.104: [Full GC (System) 201664.104: [CMS: 150599K->150590K(3022848K), 0.9520890 secs] 766644K->150590K(4910336K), [CMS Perm : 76468K->76468K(127628K)], 0.9522350 secs] [Times: user=0.95 sys=0.00, real=0.95 secs]
205265.059: [Full GC (System) 205265.059: [CMS: 150590K->150605K(3022848K), 0.9550080 secs] 766635K->150605K(4910336K), [CMS Perm : 76468K->76468K(127628K)], 0.9551500 secs] [Times: user=0.95 sys=0.00, real=0.95 secs]
208866.016: [Full GC (System) 208866.016: [CMS: 150605K->150605K(3022848K), 0.9542740 secs] 766650K->150605K(4910336K), [CMS Perm : 76468K->76468K(127628K)], 0.9544460 secs] [Times: user=0.95 sys=0.00, real=0.95 secs]
212466.973: [Full GC (System) 212466.973: [CMS: 150605K->150605K(3022848K), 0.9556320 secs] 766650K->150605K(4910336K), [CMS Perm : 76468K->76468K(127628K)], 0.9557760 secs] [Times: user=0.95 sys=0.00, real=0.96 secs]
216067.931: [Full GC (System) 216067.931: [CMS: 150605K->150597K(3022848K), 0.9499130 secs] 778258K->150597K(4910336K), [CMS Perm : 76468K->76468K(127628K)], 0.9500830 secs] [Times: user=0.95 sys=0.00, real=0.95 secs]
219668.883: [Full GC (System) 219668.883: [CMS: 150597K->150605K(3022848K), 0.9529250 secs] 766642K->150605K(4910336K), [CMS Perm : 76468K->76468K(127628K)], 0.9530680 secs] [Times: user=0.95 sys=0.00, real=0.95 secs]
223269.839: [Full GC (System) 223269.839: [CMS: 150605K->150605K(3022848K), 0.9533210 secs] 766650K->150605K(4910336K), [CMS Perm : 76469K->76469K(127628K)], 0.9534630 secs] [Times: user=0.95 sys=0.00, real=0.95 secs]
226870.795: [Full GC (System) 226870.795: [CMS: 150605K->150596K(3022848K), 0.9548980 secs] 766650K->150596K(4910336K), [CMS Perm : 76469K->76469K(127628K)], 0.9550450 secs] [Times: user=0.95 sys=0.00, real=0.95 secs]
230471.753: [Full GC (System) 230471.753: [CMS: 150596K->150605K(3022848K), 0.9543070 secs] 766641K->150605K(4910336K), [CMS Perm : 76469K->76469K(127628K)], 0.9544500 secs] [Times: user=0.95 sys=0.00, real=0.95 secs]
234072.710: [Full GC (System) 234072.710: [CMS: 150605K->150606K(3022848K), 0.9468130 secs] 766650K->150606K(4910336K), [CMS Perm : 76469K->76469K(127628K)], 0.9469590 secs] [Times: user=0.95 sys=0.00, real=0.95 secs]
237673.659: [Full GC (System) 237673.659: [CMS: 150606K->150597K(3022848K), 0.9512830 secs] 766652K->150597K(4910336K), [CMS Perm : 76469K->76469K(127628K)], 0.9514260 secs] [Times: user=0.95 sys=0.00, real=0.95 secs]
239436.750: [GC 239436.750: [ParNew: 1677824K->35711K(1887488K), 0.0667890 secs] 1828421K->186308K(4910336K), 0.0668900 secs] [Times: user=0.12 sys=0.00, real=0.07 secs]
Heap
 par new generation   total 1887488K, used 489161K [0x00000006a7800000, 0x0000000727800000, 0x0000000727800000)
  eden space 1677824K,  27% used [0x00000006a7800000, 0x00000006c32d2a80, 0x000000070de80000)
  from space 209664K,  17% used [0x000000071ab40000, 0x000000071ce1fc80, 0x0000000727800000)
  to   space 209664K,   0% used [0x000000070de80000, 0x000000070de80000, 0x000000071ab40000)
 concurrent mark-sweep generation total 3022848K, used 150597K [0x0000000727800000, 0x00000007e0000000, 0x00000007e0000000)
 concurrent-mark-sweep perm gen total 127628K, used 76793K [0x00000007e0000000, 0x00000007e7ca3000, 0x0000000800000000)

```
